C:\Users\marun>cd desktop

C:\Users\marun\Desktop>mkdir git_challenge

C:\Users\marun\Desktop>cd git_challenge

C:\Users\marun\Desktop\git_challenge>git init
Initialized empty Git repository in C:/Users/marun/Desktop/git_challenge/.git/

C:\Users\marun\Desktop\git_challenge>echo Hello, world! >> hello_world.txt

C:\Users\marun\Desktop\git_challenge>git add hello_world.txt

C:\Users\marun\Desktop\git_challenge>git commit -m "hello_world.txtを追加"
[main (root-commit) 73c6f69] hello_world.txtを追加
 1 file changed, 1 insertion(+)
 create mode 100644 hello_world.txt

C:\Users\marun\Desktop\git_challenge>echo こんにちは、世界！ >> hello_world.txt

C:\Users\marun\Desktop\git_challenge>git add hello_world.txt

C:\Users\marun\Desktop\git_challenge>git commit -m "日本語訳を追加"
[main f69f9c9] 日本語訳を追加
 1 file changed, 1 insertion(+)

C:\Users\marun\Desktop\git_challenge>git log --oneline
f69f9c9 (HEAD -> main) 日本語訳を追加
73c6f69 hello_world.txtを追加
